demo_426 — flow through a slanted channel (2-D IB benchmark)
domain          : [0.0, 2.25] x [0.0, 3.1]
channel         : theta=30 deg, h=1 m, D=h/cos=1.154701 m (36.95 cells)
inlet  (x=0) : y in [0.100000, 1.433333]  (height 1.333333)
outlet (x=2.25) : y in [1.399038, 2.732371]  (height 1.333333)
fluid           : rho=1, mu=1, nu=1
driving         : -dp/ds = 1 Pa/m along the axis (body force, NOT a pressure BC)
profile         : A=0.5, u_max=0.166667 m/s (paper quotes 0.25; see docstring)
grid            : N=32, dx=0.03125, nx x ny = 72 x 99 (box 2.25 x 3.09375)
time            : dt=0.00625 (= 0.2 dx), steps=320 (T_end 2 s)
scales          : Re=0.1925, Courant=0.0333, nu*dt/dx^2=6.4000
penalty         : BETA=1e+06, DAMP=1000, ds_lag=0.015625 (dx/2)
solver          : chorin
------------------------------------------------------------------------------
channel opening dofs: inlet 85, outlet 85
  [setup] fluid mesh, boundaries, BC dofs                   0.01 s (total    0.01 s)
ld: warning: duplicate -rpath '/Users/pengfei/miniconda3/envs/afsi-dolfinx/lib' ignored
  [setup] solver assembly (chorin)                          1.57 s (total    1.58 s)
  [setup] solid mesh (1336 triangles)                       0.01 s (total    1.59 s)
ld: warning: duplicate -rpath '/Users/pengfei/miniconda3/envs/afsi-dolfinx/lib' ignored
  [setup] IB mesh + map on the 2-D plates                   0.61 s (total    2.19 s)
  step      1/320  t=0.00625  max|u|=0.000000e+00
  step     32/320  t=0.2  max|u|=1.674110e-01
  step     64/320  t=0.4  max|u|=1.674564e-01
  step     96/320  t=0.6  max|u|=1.674571e-01
  step    128/320  t=0.8  max|u|=1.674556e-01
  step    160/320  t=1  max|u|=1.674562e-01
  step    192/320  t=1.2  max|u|=1.674566e-01
  step    224/320  t=1.4  max|u|=1.674560e-01
  step    256/320  t=1.6  max|u|=1.674568e-01
  step    288/320  t=1.8  max|u|=1.674563e-01
  step    320/320  t=2  max|u|=1.674553e-01
==============================================================================
verification report  (demo_426, N=32, dx=0.03125, theta=30 deg, chorin)
==============================================================================
  u_max analytic                                   1.666667e-01 m/s
  (benchmark text quotes)                          2.500000e-01 m/s
-- velocity error ------------------------------------------------
  relative L2 error (whole box)                    9.944029e-01 
  Linf error (whole box)                           1.864077e+00 m/s
  mean |u_exact| (whole box)                       4.379634e-01 m/s
    NOTE: the whole-box numbers are NOT an accuracy measure for this
    case.  The exact parabola grows without bound OUTSIDE the channel
    (it reaches 2.67 in this box) while the physical flow there is
    stagnant, so this metric is dominated by a spurious reference.
    The CHANNEL numbers below are the meaningful ones.
  relative L2 error (channel only)                 1.392092e-01 
  Linf error (channel only)                        2.552042e-02 m/s
-- profile across the channel (Fig. 23) ----------------------------
  |u| Linf error across the profile                2.870833e-01 m/s
  |u| relative L2 error across the profile         7.201296e-01 
  numerical u_max                                  1.593208e-01 m/s
  relative error in u_max                         -4.407529e-02 
  u_max location (xi)                              5.773503e-01 m
-- immersed plates -------------------------------------------------
  plate max |displacement| from reference          0.000000e+00 m
  plate Lagrangian nodes                           3.350000e+03 
  fluid |u| on the plates (should be 0)            2.377634e-02 m/s
  fluid mean |u| on the plates                     1.081420e-02 m/s
==============================================================================
history written to /Users/pengfei/GitHub/afsi/afsic/demo/demo_426/plot/N32_chorin_smoke/history.csv
verify.json written to /Users/pengfei/GitHub/afsi/afsic/demo/demo_426/plot/N32_chorin_smoke/verify.json
solid displacement: max 0.000000e+00  mean 0.000000e+00  = 0.00 x (h/2)
solid output written to /Users/pengfei/GitHub/afsi/afsic/demo/demo_426/plot/N32_chorin_smoke/solid_*.xdmf
elapsed 27.3 s
