demo_426 — flow through a slanted channel (2-D IB benchmark)
domain          : [0.0, 2.25] x [0.0, 3.1]
channel         : theta=30 deg, h=1 m, D=h/cos=1.154701 m (36.95 cells)
inlet  (x=0) : y in [0.100000, 1.433333]  (height 1.333333)
outlet (x=2.25) : y in [1.399038, 2.732371]  (height 1.333333)
fluid           : rho=1, mu=1, nu=1
driving         : -dp/ds = 1 Pa/m along the axis (body force, NOT a pressure BC)
profile         : A=0.5, u_max=0.166667 m/s (paper quotes 0.25; see docstring)
grid            : N=32, dx=0.03125, nx x ny = 72 x 99 (box 2.25 x 3.09375)
time            : dt=0.00625 (= 0.2 dx), steps=1600 (T_end 10 s)
scales          : Re=0.1925, Courant=0.0333, nu*dt/dx^2=6.4000
penalty         : BETA=8000, DAMP=1000, ds_lag=0.015625 (dx/2)
solver          : ipcs
------------------------------------------------------------------------------
channel opening dofs: inlet 85, outlet 85
  [setup] fluid mesh, boundaries, BC dofs                   0.02 s (total    0.02 s)
  [setup] solver assembly (ipcs)                            0.07 s (total    0.09 s)
  [setup] solid mesh (1336 triangles)                       0.01 s (total    0.10 s)
  [setup] IB mesh + map on the 2-D plates                   0.03 s (total    0.13 s)
  step      1/1600  t=0.00625  max|u|=0.000000e+00
  step    160/1600  t=1  max|u|=1.666663e-01
  step    320/1600  t=2  max|u|=1.666663e-01
  step    480/1600  t=3  max|u|=1.669051e-01
  step    640/1600  t=4  max|u|=1.674264e-01
  step    800/1600  t=5  max|u|=1.676427e-01
  step    960/1600  t=6  max|u|=1.678787e-01
  step   1120/1600  t=7  max|u|=1.681593e-01
  step   1280/1600  t=8  max|u|=1.683648e-01
  step   1440/1600  t=9  max|u|=1.686309e-01
  step   1600/1600  t=10  max|u|=1.688681e-01
==============================================================================
verification report  (demo_426, N=32, dx=0.03125, theta=30 deg, ipcs)
==============================================================================
  u_max analytic                                   1.666667e-01 m/s
  (benchmark text quotes)                          2.500000e-01 m/s
-- velocity error ------------------------------------------------
  relative L2 error (whole box)                    9.836129e-01 
  Linf error (whole box)                           1.864077e+00 m/s
  mean |u_exact| (whole box)                       4.379634e-01 m/s
    NOTE: the whole-box numbers are NOT an accuracy measure for this
    case.  The exact parabola grows without bound OUTSIDE the channel
    (it reaches 2.67 in this box) while the physical flow there is
    stagnant, so this metric is dominated by a spurious reference.
    The CHANNEL numbers below are the meaningful ones.
  relative L2 error (channel only)                 1.143501e-02 
  Linf error (channel only)                        5.676547e-03 m/s
-- profile across the channel (Fig. 23) ----------------------------
  |u| Linf error across the profile                2.870833e-01 m/s
  |u| relative L2 error across the profile         7.726204e-01 
  numerical u_max                                  1.630928e-01 m/s
  relative error in u_max                         -2.144297e-02 
  u_max location (xi)                              5.773503e-01 m
-- immersed plates -------------------------------------------------
  plate max |displacement| from reference          3.964077e-02 m
  plate Lagrangian nodes                           3.350000e+03 
  fluid |u| on the plates (should be 0)            4.442873e-03 m/s
  fluid mean |u| on the plates                     7.568761e-04 m/s
==============================================================================
history written to /Users/pengfei/GitHub/afsi/afsic/demo/demo_426/plot/N32_ipcs_smoke/history.csv
verify.json written to /Users/pengfei/GitHub/afsi/afsic/demo/demo_426/plot/N32_ipcs_smoke/verify.json
solid displacement: max 3.964077e-02  mean 8.259557e-03  = 2.54 x (h/2)
solid output written to /Users/pengfei/GitHub/afsi/afsic/demo/demo_426/plot/N32_ipcs_smoke/solid_*.xdmf
elapsed 189.0 s
